// Jest Snapshot v1, https://goo.gl/fbAQLP

exports[`Test MyCalculator Components matches snapshot 1`] = `
<div
  className="page-section"
  data-testid="mycalc"
>
  <h1>
    Let\`s do some math
  </h1>
  <div
    className="grid-continer"
  >
    <input
      className="resultscreen"
      placeholder={0}
      readOnly={true}
    />
    <button
      onClick={[Function]}
      type="button"
    >
      AC
    </button>
    <button
      onClick={[Function]}
      type="button"
    >
      +/-
    </button>
    <button
      onClick={[Function]}
      type="button"
    >
      %
    </button>
    <button
      className="buttoperation"
      onClick={[Function]}
      type="button"
    >
      รท
    </button>
    <button
      onClick={[Function]}
      type="button"
    >
      7
    </button>
    <button
      onClick={[Function]}
      type="button"
    >
      8
    </button>
    <button
      onClick={[Function]}
      type="button"
    >
      9
    </button>
    <button
      className="buttoperation"
      onClick={[Function]}
      type="button"
    >
      x
    </button>
    <button
      onClick={[Function]}
      type="button"
    >
      4
    </button>
    <button
      onClick={[Function]}
      type="button"
    >
      5
    </button>
    <button
      onClick={[Function]}
      type="button"
    >
      6
    </button>
    <button
      className="buttoperation"
      onClick={[Function]}
      type="button"
    >
      -
    </button>
    <button
      onClick={[Function]}
      type="button"
    >
      1
    </button>
    <button
      onClick={[Function]}
      type="button"
    >
      2
    </button>
    <button
      onClick={[Function]}
      type="button"
    >
      3
    </button>
    <button
      className="buttoperation"
      onClick={[Function]}
      type="button"
    >
      +
    </button>
    <button
      className="zeroitem"
      onClick={[Function]}
      type="button"
    >
      0
    </button>
    <button
      onClick={[Function]}
      type="button"
    >
      .
    </button>
    <button
      className="buttoperation"
      id="eqoperation"
      onClick={[Function]}
      type="button"
    >
      =
    </button>
  </div>
</div>
`;
