// Jest Snapshot v1, https://goo.gl/fbAQLP

exports[`Test Quote page Components matches snapshot 1`] = `
<div
  className="quote"
  data-testid="quote"
>
  <h2>
    Mathematics is not about numbers,equations,computations,or algorithms: its about understanding.
    <cite>
      - William Paul Thurston.
    </cite>
  </h2>
</div>
`;
